// Jest Snapshot v1, https://goo.gl/fbAQLP

exports[`misc complex template 1`] = `
"function anonymous(Blocks, utils
) {
  let {BCollection, BComponent, BComponentH, BHtml, BMulti, BNode, BStatic, BText, BDispatch} = Blocks;
  let {elem, toString, withDefault, call, zero, callSlot, capture} = utils;
  
  class Block1 extends BNode {
    static el = elem(\`<div><div><div class=\\"batch_header\\"><a title=\\"View Batch\\"><owl-text/><owl-anchor/><i class=\\"arrow fa fa-window-maximize\\"/></a></div><owl-anchor/><div class=\\"batch_slots\\"><owl-anchor/><owl-anchor/></div><div class=\\"batch_commits\\"><owl-anchor/></div></div></div>\`);
    children = new Array(5);
    anchors = new Array(5);
    data = new Array(5);
    build() {
      const el1 = this.el.firstChild.firstChild;
      this.anchors[0] = el1.firstChild.firstChild.nextSibling;
      this.anchors[1] = el1.nextSibling;
      const el2 = this.anchors[1].nextSibling;
      this.anchors[2] = el2.firstChild;
      this.anchors[3] = this.anchors[2].nextSibling;
      this.anchors[4] = el2.nextSibling.firstChild;
    }
    update() {
      const el1 = this.el;
      this.updateClass(el1, this.data[0]);
      const el2 = el1.firstChild;
      this.updateClass(el2, this.data[1]);
      const el3 = el2.firstChild.firstChild;
      this.updateAttr(el3, \`href\`, this.data[2]);
      this.updateClass(el3, this.data[3]);
      el3.firstChild.textContent = toString(this.data[4]);
    }
  }
  
  class Block2 extends BStatic {
    static el = elem(\`<i class=\\"fa fa-exclamation-triangle\\"/>\`);
  }
  
  class Block3 extends BStatic {
    static el = elem(\`<span><i class=\\"fa fa-cog fa-spin fa-fw\\"/> preparing</span>\`);
  }
  
  class Block4 extends BStatic {
    static el = elem(\`<div class=\\"slot_filler\\"/>\`);
  }
  
  class Block5 extends BNode {
    static el = elem(\`<div class=\\"one_line\\"><a><owl-anchor/><owl-anchor/><owl-anchor/><owl-anchor/><owl-text/></a><a class=\\"badge badge-light\\" title=\\"View Commit on Github\\"><i class=\\"fa fa-github\\"/></a><span><owl-text/></span></div>\`);
    children = new Array(4);
    anchors = new Array(4);
    data = new Array(5);
    build() {
      this.anchors[0] = this.el.firstChild.firstChild;
      this.anchors[1] = this.anchors[0].nextSibling;
      this.anchors[2] = this.anchors[1].nextSibling;
      this.anchors[3] = this.anchors[2].nextSibling;
    }
    update() {
      const el1 = this.el.firstChild;
      this.updateAttr(el1, \`href\`, this.data[0]);
      this.updateClass(el1, this.data[1]);
      this.anchors[3].nextSibling.textContent = toString(this.data[2]);
      const el2 = el1.nextSibling;
      this.updateAttr(el2, \`href\`, this.data[3]);
      el2.nextSibling.firstChild.textContent = toString(this.data[4]);
    }
  }
  
  class Block6 extends BStatic {
    static el = elem(\`<i class=\\"fa fa-fw fa-hashtag\\" title=\\"This commit is a new head\\"/>\`);
  }
  
  class Block7 extends BStatic {
    static el = elem(\`<i class=\\"fa fa-fw fa-link\\" title=\\"This commit is an existing head from bundle branches\\"/>\`);
  }
  
  class Block8 extends BStatic {
    static el = elem(\`<i class=\\"fa fa-fw fa-code-fork\\" title=\\"This commit is matched from a base batch with matching merge_base\\"/>\`);
  }
  
  class Block9 extends BStatic {
    static el = elem(\`<i class=\\"fa fa-fw fa-clock-o\\" title=\\"This commit is the head of a base branch\\"/>\`);
  }
  
  return (ctx, parent = ctx) => {
    const b1 = new Block1();
    b1.data[0] = \`batch_tile \${ctx['options'].more?'more':'nomore'}\`;
    b1.data[1] = \`card bg-\${ctx['klass']}-light\`;
    b1.data[2] = \`/runbot/batch/\${ctx['batch'].id}\`;
    b1.data[3] = \`badge badge-\${ctx['batch'].has_warning?'warning':'light'}\`;
    b1.data[4] = ctx['batch'].formated_age;
    if (ctx['batch'].has_warning) {
      const b2 = b1.children[0] = new Block2();
    }
    if (ctx['batch'].state=='preparing') {
      const b3 = b1.children[1] = new Block3();
    }
    const b4 = b1.children[2] = new BCollection(ctx['batch'].slot_ids.filter(slot=>slot.build_id.id&&!slot.trigger_id.manual&&(ctx['options'].trigger_display[slot.trigger_id.id])));
    b4.forEach(\`slot\`, ctx, (i1, ctx) => {
      let key1 = ctx['slot'].id;
      const b5 = b4.children[i1] = new BComponent(\`SlotButton\`, {slot: ctx['slot']}, \`__1__\${key1}\`, ctx, parent);
      b5.parentClass = \`slot_container\`;
      b4.keys[i1] = key1;
    });
    const b6 = b1.children[3] = new BCollection([1,2,3,4]);
    b6.forEach(\`x\`, ctx, (i1, ctx) => {
      let key1 = ctx['x'];
      const b7 = b6.children[i1] = new Block4();
      b6.keys[i1] = key1;
    });
    const b8 = b1.children[4] = new BCollection(ctx['commit_links']);
    b8.forEach(\`commit_link\`, ctx, (i1, ctx) => {
      let key1 = ctx['commit_link'].id;
      const b9 = b8.children[i1] = new Block5();
      b9.data[0] = \`/runbot/commit/\${ctx['commit_link'].commit_id}\`;
      b9.data[1] = \`badge badge-light batch_commit match_type_\${ctx['commit_link'].match_type}\`;
      if (ctx['commit_link'].match_type=='new') {
        const b10 = b9.children[0] = new Block6();
      }
      if (ctx['commit_link'].match_type=='head') {
        const b11 = b9.children[1] = new Block7();
      }
      if (ctx['commit_link'].match_type=='base_match') {
        const b12 = b9.children[2] = new Block8();
      }
      if (ctx['commit_link'].match_type=='base_head') {
        const b13 = b9.children[3] = new Block9();
      }
      b9.data[2] = ctx['commit_link'].commit_dname;
      b9.data[3] = 'https://%s/commit/%s'%(ctx['commit_link'].commit_remote_url,ctx['commit_link'].commit_name);
      b9.data[4] = ctx['commit_link'].commit_subject;
      b8.keys[i1] = key1;
    });
    return b1;
  }
}"
`;

exports[`misc global 1`] = `
"function anonymous(Blocks, utils
) {
  let {BCollection, BComponent, BComponentH, BHtml, BMulti, BNode, BStatic, BText, BDispatch} = Blocks;
  let {elem, toString, withDefault, call, zero, callSlot, capture} = utils;
  
  class Block1 extends BNode {
    static el = elem(\`<div><owl-anchor/><owl-anchor/></div>\`);
    children = new Array(2);
    anchors = new Array(2);
    build() {
      this.anchors[0] = this.el.firstChild;
      this.anchors[1] = this.anchors[0].nextSibling;
    }
  }
  
  class Block2 extends BNode {
    static el = elem(\`<span><owl-text/></span>\`);
    data = new Array(1);
    update() {
      this.el.firstChild.textContent = toString(this.data[0]);
    }
  }
  
  return (ctx, parent = ctx) => {
    ctx = Object.create(ctx);
    const b1 = new Block1();
    const b2 = b1.children[0] = new BCollection([4,5,6]);
    b2.forEach(\`value\`, ctx, (i1, ctx) => {
      let key1 = ctx['value'];
      const b3 = b2.children[i1] = new BMulti(2);
      const b4 = b3.children[0] = new Block2();
      b4.data[0] = ctx['value'];
      ctx = Object.create(ctx);
      const b5 = new BMulti(3);
      ctx = Object.create(ctx);
      ctx[\`foo\`] = 'aaa';
      b5.children[0] = call(\`_callee-uses-foo\`, ctx, parent);
      ctx = ctx.__proto__;
      b5.children[1] = call(\`_callee-uses-foo\`, ctx, parent);
      ctx[\`foo\`] = 'bbb';
      b5.children[2] = call(\`_callee-uses-foo\`, ctx, parent);
      ctx[zero] = b5;
      b3.children[1] = call(\`_callee-asc\`, ctx, parent);
      ctx = ctx.__proto__;
      b2.keys[i1] = key1;
    });
    b1.children[1] = call(\`_callee-asc-toto\`, ctx, parent);
    return b1;
  }
}"
`;

exports[`misc global 2`] = `
"function anonymous(Blocks, utils
) {
  let {BCollection, BComponent, BComponentH, BHtml, BMulti, BNode, BStatic, BText, BDispatch} = Blocks;
  let {elem, toString, withDefault, call, zero, callSlot, capture} = utils;
  
  class Block1 extends BNode {
    static el = elem(\`<div><owl-anchor/></div>\`);
    children = new Array(1);
    anchors = new Array(1);
    build() {
      this.anchors[0] = this.el.firstChild;
    }
  }
  
  return (ctx, parent = ctx) => {
    const b1 = new Block1();
    const b2 = new BText(\`toto default\`);
    b1.children[0] = new BHtml(withDefault(ctx['toto'], b2));
    return b1;
  }
}"
`;

exports[`misc global 3`] = `
"function anonymous(Blocks, utils
) {
  let {BCollection, BComponent, BComponentH, BHtml, BMulti, BNode, BStatic, BText, BDispatch} = Blocks;
  let {elem, toString, withDefault, call, zero, callSlot, capture} = utils;
  
  class Block1 extends BNode {
    static el = elem(\`<año><owl-anchor/></año>\`);
    children = new Array(1);
    anchors = new Array(1);
    data = new Array(1);
    build() {
      this.anchors[0] = this.el.firstChild;
    }
    update() {
      this.updateAttr(this.el, \`falló\`, this.data[0]);
    }
  }
  
  return (ctx, parent = ctx) => {
    const b1 = new Block1();
    b1.data[0] = 'agüero';
    b1.children[0] = new BHtml(ctx[zero]);
    return b1;
  }
}"
`;

exports[`misc global 4`] = `
"function anonymous(Blocks, utils
) {
  let {BCollection, BComponent, BComponentH, BHtml, BMulti, BNode, BStatic, BText, BDispatch} = Blocks;
  let {elem, toString, withDefault, call, zero, callSlot, capture} = utils;
  
  class Block1 extends BNode {
    static el = elem(\`<span><owl-text/></span>\`);
    data = new Array(1);
    update() {
      this.el.firstChild.textContent = toString(this.data[0]);
    }
  }
  
  return (ctx, parent = ctx) => {
    const b1 = new Block1();
    b1.data[0] = withDefault(ctx['foo'], \`foo default\`);
    return b1;
  }
}"
`;

exports[`misc other complex template 1`] = `
"function anonymous(Blocks, utils
) {
  let {BCollection, BComponent, BComponentH, BHtml, BMulti, BNode, BStatic, BText, BDispatch} = Blocks;
  let {elem, toString, withDefault, call, zero, callSlot, capture} = utils;
  
  class Block1 extends BNode {
    static el = elem(\`<div><header><nav class=\\"navbar navbar-expand-md navbar-light bg-light\\"><a><b style=\\"color:#777;\\"><owl-text/></b></a><button type=\\"button\\" class=\\"navbar-toggler\\" data-toggle=\\"collapse\\" data-target=\\"#top_menu_collapse\\"><span class=\\"navbar-toggler-icon\\"/></button><div class=\\"collapse navbar-collapse\\" id=\\"top_menu_collapse\\" aria-expanded=\\"false\\"><ul class=\\"nav navbar-nav ml-auto text-right\\" id=\\"top_menu\\"><owl-anchor/><li class=\\"nav-item divider\\"/><owl-anchor/></ul><div><div class=\\"input-group input-group-sm\\"><div class=\\"input-group-prepend input-group-sm\\"><button class=\\"btn btn-default fa fa-cog\\" title=\\"Settings\\"/><button class=\\"btn btn-default\\"> More </button><owl-anchor/></div><input class=\\"form-control\\" type=\\"text\\" placeholder=\\"Search\\" aria-label=\\"Search\\" name=\\"search\\"/><div class=\\"input-group-append\\"><button class=\\"btn btn-default fa fa-eraser\\"/></div></div></div></div></nav></header><div class=\\"container-fluid\\"><div class=\\"row\\"><!--div class=\\"form-group col-md-6\\">
                      <h5>Search options</h5>
                      <input class=\\"form-control\\" type=\\"text\\" name=\\"default_search\\" id=\\"default_search\\" t-att-checked=\\"default_search\\" placeholder=\\"Default search\\"/>
      
                      <h5>Display options</h5>
                      <div class=\\"form-check\\">
                          <input class=\\"form-check-input\\" type=\\"checkbox\\" name=\\"display_sticky\\"/>
                          <label class=\\"form-check-label\\" for=\\"display_sticky\\">Display sticky</label>
                      </div>
                      <div class=\\"form-check\\">
                          <input class=\\"form-check-input\\" type=\\"checkbox\\" name=\\"display_dev\\"/>
                          <label class=\\"form-check-label\\" for=\\"display_dev\\">Display dev</label>
                      </div>
                  </div--><div class=\\"form-group col-md-6\\"><h5>Triggers</h5><owl-anchor/></div></div></div><div class=\\"container-fluid frontend\\"><div class=\\"row\\"><div class=\\"col-md-12\\"><owl-anchor/></div><div class=\\"col-md-12\\"><owl-anchor/><owl-anchor/><owl-anchor/></div></div></div></div>\`);
    children = new Array(8);
    anchors = new Array(8);
    data = new Array(3);
    handlers = new Array(5);
    build() {
      const el1 = this.el.firstChild.firstChild.firstChild.nextSibling.nextSibling.firstChild;
      const el6 = this.el.firstChild;
      this.anchors[0] = el1.firstChild;
      this.anchors[1] = this.anchors[0].nextSibling.nextSibling;
      const el2 = el1.nextSibling.firstChild.firstChild.firstChild;
      const el4 = el1.nextSibling.firstChild.firstChild;
      this.setupHandler(el2, 0);
      const el3 = el2.nextSibling;
      this.setupHandler(el3, 1);
      this.anchors[2] = el3.nextSibling;
      const el5 = el4.nextSibling;
      this.setupHandler(el5, 2);
      this.setupHandler(el5, 3);
      this.setupHandler(el5.nextSibling.firstChild, 4);
      const el7 = el6.nextSibling;
      this.anchors[3] = el7.firstChild.firstChild.nextSibling.firstChild.nextSibling;
      const el8 = el7.nextSibling.firstChild.firstChild;
      this.anchors[4] = el8.firstChild;
      this.anchors[5] = el8.nextSibling.firstChild;
      this.anchors[6] = this.anchors[5].nextSibling;
      this.anchors[7] = this.anchors[6].nextSibling;
    }
    update() {
      const el1 = this.el.firstChild.firstChild.firstChild;
      const el3 = this.el.firstChild;
      this.updateAttr(el1, \`href\`, this.data[0]);
      el1.firstChild.firstChild.textContent = toString(this.data[1]);
      const el2 = el1.nextSibling.nextSibling.firstChild.nextSibling.firstChild.firstChild.nextSibling;
      this.updateAttr(el2, \`value\`, this.data[2]);
      this.updateProp(el2, \`value\`, this.data[2]);
      this.refs[\`search_input\`] = el2;
      this.refs[\`settings_menu\`] = el3.nextSibling;
    }
    remove() {
      delete this.refs[\`search_input\`];
      delete this.refs[\`settings_menu\`];
      super.remove();
    }
  }
  
  class Block2 extends BNode {
    static el = elem(\`<li class=\\"nav-item\\"><a class=\\"nav-link\\" href=\\"#\\"><owl-text/></a></li>\`);
    data = new Array(1);
    handlers = new Array(1);
    build() {
      this.setupHandler(this.el.firstChild, 0);
    }
    update() {
      this.el.firstChild.firstChild.textContent = toString(this.data[0]);
    }
  }
  
  class Block3 extends BNode {
    static el = elem(\`<li class=\\"nav-item dropdown\\"><b><a class=\\"nav-link\\">Login</a></b></li>\`);
    data = new Array(1);
    update() {
      this.updateAttr(this.el.firstChild.firstChild, \`href\`, this.data[0]);
    }
  }
  
  class Block4 extends BNode {
    static el = elem(\`<li class=\\"nav-item\\"><a href=\\"/runbot/errors\\" class=\\"nav-link text-danger\\"><i class=\\"fa fa-bug\\"/><owl-text/></a></li>\`);
    data = new Array(2);
    update() {
      const el1 = this.el.firstChild;
      this.updateAttr(el1, \`title\`, this.data[0]);
      el1.firstChild.nextSibling.textContent = toString(this.data[1]);
    }
  }
  
  class Block5 extends BStatic {
    static el = elem(\`<li class=\\"nav-item divider\\"/>\`);
  }
  
  class Block6 extends BStatic {
    static el = elem(\`<li class=\\"nav-item\\"><a href=\\"/runbot/errors\\" class=\\"nav-link\\" title=\\"Random Bugs\\"><i class=\\"fa fa-bug\\"/></a></li>\`);
  }
  
  class Block7 extends BStatic {
    static el = elem(\`<li class=\\"nav-item divider\\"/>\`);
  }
  
  class Block8 extends BNode {
    static el = elem(\`<li class=\\"nav-item dropdown\\"><a href=\\"#\\" class=\\"nav-link dropdown-toggle\\" data-toggle=\\"dropdown\\"><b><span><owl-text/></span></b></a><div class=\\"dropdown-menu js_usermenu\\" role=\\"menu\\"><a class=\\"dropdown-item\\" id=\\"o_logout\\" role=\\"menuitem\\">Logout</a><a class=\\"dropdown-item\\" role=\\"menuitem\\">Web</a></div></li>\`);
    data = new Array(3);
    update() {
      const el1 = this.el.firstChild;
      el1.firstChild.firstChild.firstChild.textContent = toString(this.data[0]);
      const el2 = el1.nextSibling.firstChild;
      this.updateAttr(el2, \`href\`, this.data[1]);
      this.updateAttr(el2.nextSibling, \`href\`, this.data[2]);
    }
  }
  
  class Block9 extends BNode {
    static el = elem(\`<select class=\\"custom-select\\" name=\\"category\\" id=\\"category\\"><owl-anchor/></select>\`);
    children = new Array(1);
    anchors = new Array(1);
    build() {
      this.anchors[0] = this.el.firstChild;
    }
  }
  
  class Block10 extends BNode {
    static el = elem(\`<option><owl-text/></option>\`);
    data = new Array(3);
    update() {
      const el1 = this.el;
      this.updateAttr(el1, \`value\`, this.data[0]);
      this.updateAttr(el1, \`selected\`, this.data[1]);
      this.updateProp(el1, \`selected\`, this.data[1]);
      el1.firstChild.textContent = toString(this.data[2]);
    }
  }
  
  class Block11 extends BNode {
    static el = elem(\`<div class=\\"form-check\\"><input class=\\"form-check-input\\" type=\\"checkbox\\"/><label class=\\"form-check-label\\"><owl-text/></label></div>\`);
    data = new Array(6);
    handlers = new Array(1);
    build() {
      this.setupHandler(this.el.firstChild, 0);
    }
    update() {
      const el1 = this.el.firstChild;
      this.updateAttr(el1, \`name\`, this.data[0]);
      this.updateAttr(el1, \`id\`, this.data[1]);
      this.updateAttr(el1, \`checked\`, this.data[2]);
      this.updateProp(el1, \`checked\`, this.data[2]);
      this.updateAttr(el1, \`data-trigger_id\`, this.data[3]);
      const el2 = el1.nextSibling;
      this.updateAttr(el2, \`for\`, this.data[4]);
      el2.firstChild.textContent = toString(this.data[5]);
    }
  }
  
  class Block12 extends BNode {
    static el = elem(\`<div><button class=\\"btn btn-sm btn-default\\">All</button><button class=\\"btn btn-sm btn-default\\">None</button><button class=\\"btn btn-sm btn-info\\">Default</button><button class=\\"btn btn-sm btn-default\\">Close</button></div>\`);
    handlers = new Array(4);
    build() {
      const el1 = this.el.firstChild;
      this.setupHandler(el1, 0);
      const el2 = el1.nextSibling;
      this.setupHandler(el2, 1);
      const el3 = el2.nextSibling;
      this.setupHandler(el3, 2);
      this.setupHandler(el3.nextSibling, 3);
    }
  }
  
  class Block13 extends BNode {
    static el = elem(\`<div class=\\"alert alert-warning\\" role=\\"alert\\"><owl-text/> <!-- todo fixme--></div>\`);
    data = new Array(1);
    update() {
      this.el.firstChild.textContent = toString(this.data[0]);
    }
  }
  
  class Block14 extends BStatic {
    static el = elem(\`<div class=\\"mb32\\"><h1>No project</h1></div>\`);
  }
  
  class Block15 extends BNode {
    static el = elem(\`<div><owl-anchor/><owl-anchor/></div>\`);
    children = new Array(2);
    anchors = new Array(2);
    build() {
      this.anchors[0] = this.el.firstChild;
      this.anchors[1] = this.anchors[0].nextSibling;
    }
  }
  
  return (ctx, parent = ctx) => {
    const refs = ctx.__owl__.refs;
    ctx = Object.create(ctx);
    const b1 = new Block1();
    b1.data[0] = \`/runbot/\${ctx['project'].slug}\`;
    b1.data[1] = ctx['project'].name;
    const b2 = b1.children[0] = new BCollection(ctx['projects']);
    b2.forEach(\`project\`, ctx, (i1, ctx) => {
      let key1 = ctx['project'].id;
      const b3 = b2.children[i1] = new Block2();
      const arg1 = [ctx['project']];
      b3.handlers[0] = [\`click\`, (e) => ctx.__owl__.component['selectProject'](...arg1, e), ctx];
      b3.data[0] = ctx['project'].name;
      b2.keys[i1] = key1;
    });
    if (ctx['user']) {
      const b4 = b1.children[1] = new BMulti(2);
      if (ctx['user'].public) {
        const b5 = b4.children[0] = new Block3();
        b5.data[0] = \`/web/login?redirect=/\`;
      } else {
        const b6 = b4.children[1] = new BMulti(2);
        if (ctx['nb_assigned_errors']&&ctx['nb_assigned_errors']>0) {
          const b7 = b6.children[0] = new BMulti(2);
          const b8 = b7.children[0] = new Block4();
          b8.data[0] = \`You have \${ctx['nb_assigned_errors']} random bug assigned\`;
          b8.data[1] = ctx['nb_assigned_errors'];
          const b9 = b7.children[1] = new Block5();
        } else if (ctx['nb_build_errors']&&ctx['nb_build_errors']>0) {
          const b10 = b6.children[1] = new BMulti(2);
          const b11 = b10.children[0] = new Block6();
          const b12 = b10.children[1] = new Block7();
        }
        const b13 = b6.children[1] = new Block8();
        b13.data[0] = ctx['user'].name.length>25?ctx['user'].namesubstring(0,23)+'...':ctx['user'].name;
        b13.data[1] = \`/web/session/logout?redirect=/\`;
        b13.data[2] = \`/web\`;
      }
    }
    b1.handlers[0] = [\`click\`, (e) => ctx.__owl__.component['toggleSettingsMenu'](e), ctx];
    b1.handlers[1] = [\`click\`, (e) => ctx.__owl__.component['toggleMore'](e), ctx];
    if (ctx['categories']&&ctx['categories'].length>1) {
      const b14 = b1.children[2] = new Block9();
      const b15 = b14.children[0] = new BCollection(ctx['categories']);
      b15.forEach(\`category\`, ctx, (i1, ctx) => {
        let key1 = ctx['category'].id;
        const b16 = b15.children[i1] = new Block10();
        b16.data[0] = ctx['category'].id;
        b16.data[1] = ctx['category'].id==ctx['options'].active_category_id;
        b16.data[2] = ctx['category'].name;
        b15.keys[i1] = key1;
      });
    }
    b1.data[2] = ctx['search'].value;
    b1.handlers[2] = [\`keyup\`, (e) => ctx.__owl__.component['updateFilter'](e), ctx];
    b1.handlers[3] = [\`change\`, (e) => ctx.__owl__.component['updateFilter'](e), ctx];
    b1.refs = refs;
    b1.handlers[4] = [\`click\`, (e) => ctx.__owl__.component['clearSearch'](e), ctx];
    b1.refs = refs;
    if (ctx['triggers']) {
      const b17 = b1.children[3] = new BMulti(2);
      const b18 = b17.children[0] = new BCollection(ctx['triggers']);
      b18.forEach(\`trigger\`, ctx, (i1, ctx) => {
        let key1 = ctx['trigger'].id;
        const b19 = b18.children[i1] = new BMulti(1);
        if (!ctx['trigger'].manual&&ctx['trigger'].project_id===ctx['project'].id&&ctx['trigger'].category_id===ctx['options'].active_category_id) {
          const b20 = b19.children[0] = new Block11();
          b20.data[0] = \`trigger_\${ctx['trigger'].id}\`;
          b20.data[1] = \`trigger_\${ctx['trigger'].id}\`;
          b20.data[2] = ctx['options'].trigger_display[ctx['trigger'].id];
          b20.data[3] = ctx['trigger'].id;
          b20.handlers[0] = [\`change\`, (e) => ctx.__owl__.component['updateTriggerDisplay'](e), ctx];
          b20.data[4] = \`trigger_\${ctx['trigger'].id}\`;
          b20.data[5] = ctx['trigger'].name;
        }
        b18.keys[i1] = key1;
      });
      const b21 = b17.children[1] = new Block12();
      b21.handlers[0] = [\`click\`, (e) => ctx.__owl__.component['triggerAll'](e), ctx];
      b21.handlers[1] = [\`click\`, (e) => ctx.__owl__.component['triggerNone'](e), ctx];
      b21.handlers[2] = [\`click\`, (e) => ctx.__owl__.component['triggerDefault'](e), ctx];
      b21.handlers[3] = [\`click\`, (e) => ctx.__owl__.component['toggleSettingsMenu'](e), ctx];
    }
    if (ctx['load_infos']) {
      b1.children[4] = call(\`LOAD_INFOS_TEMPLATE\`, ctx, parent);
    }
    if (ctx['message']) {
      const b22 = b1.children[5] = new Block13();
      b22.data[0] = ctx['message'];
    }
    if (!ctx['project']) {
      const b23 = b1.children[6] = new Block14();
    } else {
      const b24 = b1.children[7] = new Block15();
      b24.children[0] = new BComponent(\`BundlesList\`, {bundles: ctx['bundles'].sticky,category_custom_views: ctx['category_custom_views'],search: ctx['search']}, \`__2\`, ctx, parent);
      b24.children[1] = new BComponent(\`BundlesList\`, {bundles: ctx['bundles'].dev,search: ctx['search']}, \`__3\`, ctx, parent);
    }
    return b1;
  }
}"
`;
