// Jest Snapshot v1, https://goo.gl/fbAQLP

exports[`BMulti removing an BMulti with an empty slot 1`] = `
"function anonymous(Blocks, utils
) {
  let {BCollection, BComponent, BComponentH, BHtml, BMulti, BNode, BStatic, BText, BDispatch} = Blocks;
  let {elem, toString, withDefault, call, getTemplate, zero, callSlot, capture} = utils;
  
  class Block1 extends BStatic {
    static el = elem(\`<p>1</p>\`);
  }
  
  class Block2 extends BStatic {
    static el = elem(\`<p>2</p>\`);
  }
  
  return function template(ctx, node = ctx.__owl__) {
    const b1 = new BMulti(2);
    const b2 = b1.children[0] = new Block1();
    if (ctx['flag']) {
      const b3 = b1.children[1] = new Block2();
    }
    return b1;
  }
}"
`;

exports[`BMulti removing/adding elements 1`] = `
"function anonymous(Blocks, utils
) {
  let {BCollection, BComponent, BComponentH, BHtml, BMulti, BNode, BStatic, BText, BDispatch} = Blocks;
  let {elem, toString, withDefault, call, getTemplate, zero, callSlot, capture} = utils;
  
  class Block1 extends BStatic {
    static el = elem(\`<p>1</p>\`);
  }
  
  class Block2 extends BStatic {
    static el = elem(\`<p>2</p>\`);
  }
  
  return function template(ctx, node = ctx.__owl__) {
    const b1 = new BMulti(2);
    const b2 = b1.children[0] = new Block1();
    if (ctx['flag']) {
      const b3 = b1.children[1] = new Block2();
    }
    return b1;
  }
}"
`;
