// Jest Snapshot v1, https://goo.gl/fbAQLP

exports[`t-call-block simple t-call-block with static text 1`] = `
"function anonymous(Blocks, utils
) {
  let {BCollection, BNode, BHtml, BMulti, BElem, BStatic, BText, BDispatch} = Blocks;
  let {elem, setText, withDefault, call, getTemplate, zero, callSlot, capture, toClassObj} = utils;
  
  class Block1 extends BElem {
    static el = elem(\`<div><owl-anchor/></div>\`);
    children = new Array(1);
    anchors = new Array(1);
    build() {
      this.anchors[0] = this.el.firstChild;
    }
  }
  
  return function template(ctx, node = ctx.__owl__, key = \\"\\") {
    const b1 = new Block1();
    b1.children[0] = ctx['myBlock']();
    return b1;
  }
}"
`;
