// Jest Snapshot v1, https://goo.gl/fbAQLP

exports[`t-model directive two inputs in a div with a t-key 1`] = `
"function anonymous(bdom, helpers
) {
  let { text, createBlock, list, multi, html, toggler, component } = bdom;
  let { withDefault, getTemplate, prepareList, withKey, zero, call, callSlot, capture, shallowEqual } = helpers;
  
  let block1 = createBlock(\`<div><block-child-0/><block-child-1/></div>\`);
  let block2 = createBlock(\`<input class=\\"a\\"/>\`);
  let block3 = createBlock(\`<input class=\\"b\\"/>\`);
  
  return function template(ctx, node, key = \\"\\") {
    let b2,b3;
    if (ctx['state'].flag) {
      b2 = block2();
    }
    if (!ctx['state'].flag) {
      b3 = block3();
    }
    return block1([], [b2, b3]);
  }
}"
`;
